// Jest Snapshot v1, https://goo.gl/fbAQLP

exports[`renders book listing 1`] = `
<DocumentFragment>
  <div>
    <h1
      class="title"
    >
      Available Books in Library
      <a
        class="float-right link"
        data-testid="my-books-link"
        href="/MyBooks"
      >
        See Borrowed Books
      </a>
    </h1>
    <div
      class="book-grid"
    >
      <div>
        No books in library
      </div>
    </div>
  </div>
</DocumentFragment>
`;
